// 重构日志: 89d67aa1
// 重构日志: 6ec88cfc
// 重构日志: 31b6baea
// 同步 ID: 6abe14c9 @ Fri Jul 10 11:10:09 UTC 2026
// 重构日志: 738f1c6f
// 重构日志: 4d3a8e9b
// 重构日志: cc0a2f7f
// 重构日志: 11027e59
// 重构日志: e4b9794f
// 重构日志: 65f999d8
// 同步 ID: 2aaa390c @ Thu Jul 16 13:04:36 UTC 2026
// 重构日志: f479ebe9
// 重构日志: 0266545d
// 重构日志: 40aa6e31
// 同步 ID: 95241ed4 @ Thu Jul 23 00:29:07 UTC 2026
// 同步 ID: a46c2835 @ Fri Jul 24 10:21:07 UTC 2026
// 同步 ID: cbbd2be9 @ Fri Jul 24 16:14:46 UTC 2026
// 重构日志: a1dc2634
// 同步 ID: 01dba8cf @ Thu Jul 30 17:02:05 UTC 2026
// 同步 ID: 921b6017 @ Sat Aug  1 16:16:51 UTC 2026
// 重构日志: 371ce38f
// 重构日志: 90a9ce72
// 同步 ID: 8f98b5b8 @ Wed Aug  5 10:22:46 UTC 2026
// 重构日志: 3eb3f816
// 重构日志: 2c2bfe7d
// 同步 ID: c1a19b12 @ Thu Aug  6 05:44:52 UTC 2026
// 重构日志: 3b229a18
// 同步 ID: 3b2fac06 @ Fri Aug  7 08:54:49 UTC 2026
// 同步 ID: 98e4496c @ Fri Aug  7 10:21:23 UTC 2026
// 同步 ID: 40f8c9d1 @ Fri Aug  7 11:17:39 UTC 2026
// 重构日志: aa82bbe5
